// Jest Snapshot v1, https://goo.gl/fbAQLP

exports[`<AnalysesList /> renders <AnalysesToolbar /> subcomponent 1`] = `
<div
  className="toolbar"
>
  <FormGroup
    bsClass="form-group"
  >
    <InputGroup
      bsClass="input-group"
    >
      <InputGroupAddon
        bsClass="input-group-addon"
      >
        <Icon
          faStyle="fas"
          fixedWidth={false}
          name="search"
          pullRight={false}
        />
      </InputGroupAddon>
      <FormControl
        bsClass="form-control"
        componentClass="input"
        onChange={[MockFunction]}
        placeholder="User or reference"
        type="text"
        value="test"
      />
    </InputGroup>
  </FormGroup>
  <Button
    bsStyle="primary"
    disabled={false}
    icon="plus-square fa-fw"
    onClick={[MockFunction]}
    pullRight={false}
    tip="New Analysis"
    tipPlacement="top"
  />
</div>
`;

exports[`<AnalysesList /> renders <LoadingPlaceholder /> when analyses, hmms, or indexeses data are null 1`] = `
<LoadingPlaceholder
  margin="37px"
/>
`;

exports[`<AnalysesList /> renders correctly 1`] = `
<div>
  <Alert
    bsClass="alert"
    bsStyle="warning"
    closeLabel="Close alert"
  >
    <Flex
      alignContent="stretch"
      alignItems="center"
      direction="row"
      justifyContent="flex-start"
      wrap="nowrap"
    >
      <Icon
        faStyle="fas"
        fixedWidth={false}
        name="info-circle"
        pullRight={false}
      />
      <FlexItem
        alignSelf={null}
        basis="auto"
        grow={0}
        pad={5}
        shrink={1}
      >
        <span>
          The HMM data is not installed. 
        </span>
        <Link
          replace={false}
          to="/hmm"
        >
          Install HMMs
        </Link>
        <span>
           to use in further NuV analyses.
        </span>
      </FlexItem>
    </Flex>
  </Alert>
  <AnalysesToolbar
    isDisabled={true}
    onClick={[Function]}
    onFilter={[Function]}
    term="search"
  />
  <ListGroup
    bsClass="list-group"
  >
    <NoneFound
      noListGroup={true}
      noun="analyses"
    />
  </ListGroup>
  <CreateAnalysis
    hasHmm={false}
    onHide={[Function]}
    onSubmit={[Function]}
    refIndexes={Array []}
    show={false}
    userId="test-user"
  />
</div>
`;

exports[`<AnalysesList /> renders correctly 2`] = `
<div>
  <AnalysesToolbar
    isDisabled={true}
    onClick={[Function]}
    onFilter={[Function]}
    term="search"
  />
  <ListGroup
    bsClass="list-group"
  >
    <Connect(AnalysisItem)
      key="0"
      timestamp="2018-01-01T00:00:00.000000Z"
    />
  </ListGroup>
  <CreateAnalysis
    hasHmm={true}
    onHide={[Function]}
    onSubmit={[Function]}
    refIndexes={Array []}
    show={false}
    userId="test-user"
  />
</div>
`;
