// Jest Snapshot v1, https://goo.gl/fbAQLP

exports[`<SequenceForm /> renders correctly 1`] = `
<form
  onSubmit={[MockFunction]}
>
  <Modal__DialogBody>
    <Row
      bsClass="row"
      componentClass="div"
    />
    <Row
      bsClass="row"
      componentClass="div"
    >
      <Col
        bsClass="col"
        componentClass="div"
        xs={12}
      >
        <InputError
          label="Host"
          name="host"
          onChange={[MockFunction]}
          value="test-host"
        />
      </Col>
    </Row>
    <Row
      bsClass="row"
      componentClass="div"
    >
      <Col
        bsClass="col"
        componentClass="div"
        xs={12}
      >
        <InputError
          error=""
          label="Definition"
          name="definition"
          onChange={[MockFunction]}
          value="test-definition"
        />
      </Col>
    </Row>
    <Row
      bsClass="row"
      componentClass="div"
    >
      <Col
        bsClass="col"
        componentClass="div"
        xs={12}
      >
        <SequenceField
          error=""
          name="sequence"
          onChange={[MockFunction]}
          readOnly={false}
          sequence="test-sequence"
        />
      </Col>
    </Row>
  </Modal__DialogBody>
  <Modal__DialogFooter>
    <SaveButton />
  </Modal__DialogFooter>
</form>
`;
