// Jest Snapshot v1, https://goo.gl/fbAQLP

exports[`<PathoscopeViewer /> renders correctly 1`] = `
<div>
  <Connect(AnalysisMapping) />
  <Connect(Toolbar__StyledPathoscopeToolbar) />
  <Connect(PathoscopeList) />
</div>
`;
