// Jest Snapshot v1, https://goo.gl/fbAQLP

exports[`<TargetItem /> should render 1`] = `
<Box__BoxGroupSection>
  <Item__NameIcon>
    foo
    <FlexItem
      alignSelf={null}
      basis="auto"
      grow={1}
      shrink={1}
    >
      <Flex
        alignContent="stretch"
        alignItems="center"
        className="pull-right"
        direction="row"
        justifyContent="flex-start"
        wrap="nowrap"
      >
        <Icon
          bsStyle="warning"
          faStyle="fas"
          fixedWidth={false}
          name="edit"
          onClick={[MockFunction]}
          pullRight={false}
          tip="Modify"
        />
        <FlexItem
          alignSelf={null}
          basis="auto"
          grow={0}
          pad={true}
          shrink={1}
        >
          <Icon
            bsStyle="danger"
            faStyle="fas"
            fixedWidth={false}
            name="trash"
            onClick={[MockFunction]}
            pullRight={false}
            tip="Remove"
          />
        </FlexItem>
      </Flex>
    </FlexItem>
  </Item__NameIcon>
  bar
</Box__BoxGroupSection>
`;
