// Jest Snapshot v1, https://goo.gl/fbAQLP

exports[`<UniqueNames /> should render when [enabled=false] 1`] = `
<SettingsCheckbox>
  <strong>
    Unique Sample Names
  </strong>
  <small>
    Enable this feature to ensure that every created sample has a unique name. If a user attempts to assign an existing name to a new sample an error will be displayed.
  </small>
</SettingsCheckbox>
`;

exports[`<UniqueNames /> should render when [enabled=true] 1`] = `
<SettingsCheckbox>
  <strong>
    Unique Sample Names
  </strong>
  <small>
    Enable this feature to ensure that every created sample has a unique name. If a user attempts to assign an existing name to a new sample an error will be displayed.
  </small>
</SettingsCheckbox>
`;
