// Jest Snapshot v1, https://goo.gl/fbAQLP

exports[`<InternalControl /> renders correctly 1`] = `
<Uncontrolled(Panel)>
  <ListGroup
    bsClass="list-group"
  >
    <ListGroupItem
      bsClass="list-group-item"
      listItem={false}
    >
      <strong>
        Internal Control
      </strong>
    </ListGroupItem>
    <ListGroupItem
      bsClass="list-group-item"
      listItem={false}
    >
      Set an OTU that is spiked into samples to be used as a positive control. Viral abundances in a sample can be calculated as proportions relative to the control.
    </ListGroupItem>
    <ListGroupItem
      bsClass="list-group-item"
      listItem={false}
    >
      <AsyncContainer(TypeaheadContainer(WrappedTypeahead))
        allowNew={false}
        delay={200}
        disabled={false}
        isLoading={false}
        labelKey="name"
        minLength={2}
        onChange={[Function]}
        onSearch={[Function]}
        options={Array []}
        promptText="Type to search..."
        renderMenuItemChildren={[Function]}
        searchText="Searching..."
        selected={Array []}
        useCache={true}
      />
    </ListGroupItem>
  </ListGroup>
</Uncontrolled(Panel)>
`;
