// Jest Snapshot v1, https://goo.gl/fbAQLP

exports[`<Icon /> renders correctly 1`] = `
<i
  className="fas fa-i-test"
  onClick={null}
  style={Object {}}
/>
`;
