// Jest Snapshot v1, https://goo.gl/fbAQLP

exports[`<Identicon /> renders correctly 1`] = `
ShallowWrapper {
  "length": 1,
  Symbol(enzyme.__root__): [Circular],
  Symbol(enzyme.__unrendered__): <Identicon
    hash="d3b07384d113edec49eaa6238ad5ff00"
    size={64}
  />,
  Symbol(enzyme.__renderer__): Object {
    "batchedUpdates": [Function],
    "getNode": [Function],
    "render": [Function],
    "simulateEvent": [Function],
    "unmount": [Function],
  },
  Symbol(enzyme.__node__): Object {
    "instance": null,
    "key": undefined,
    "nodeType": "host",
    "props": Object {
      "height": 64,
      "src": "data:image/svg+xml;base64,PHN2ZyB4bWxucz0naHR0cDovL3d3dy53My5vcmcvMjAwMC9zdmcnIHdpZHRoPSc2NCcgaGVpZ2h0PSc2NCcgc3R5bGU9J2JhY2tncm91bmQtY29sb3I6cmdiYSgyNDAsMjQwLDI0MCwxKTsnPjxnIHN0eWxlPSdmaWxsOnJnYmEoNTAsMzgsMjE3LDEpOyBzdHJva2U6cmdiYSg1MCwzOCwyMTcsMSk7IHN0cm9rZS13aWR0aDowLjMyOyc+PHJlY3QgIHg9JzI3JyB5PSczNycgd2lkdGg9JzEwJyBoZWlnaHQ9JzEwJy8+PHJlY3QgIHg9JzE3JyB5PScxNycgd2lkdGg9JzEwJyBoZWlnaHQ9JzEwJy8+PHJlY3QgIHg9JzM3JyB5PScxNycgd2lkdGg9JzEwJyBoZWlnaHQ9JzEwJy8+PHJlY3QgIHg9JzE3JyB5PScyNycgd2lkdGg9JzEwJyBoZWlnaHQ9JzEwJy8+PHJlY3QgIHg9JzM3JyB5PScyNycgd2lkdGg9JzEwJyBoZWlnaHQ9JzEwJy8+PHJlY3QgIHg9JzcnIHk9JzI3JyB3aWR0aD0nMTAnIGhlaWdodD0nMTAnLz48cmVjdCAgeD0nNDcnIHk9JzI3JyB3aWR0aD0nMTAnIGhlaWdodD0nMTAnLz48cmVjdCAgeD0nNycgeT0nNDcnIHdpZHRoPScxMCcgaGVpZ2h0PScxMCcvPjxyZWN0ICB4PSc0NycgeT0nNDcnIHdpZHRoPScxMCcgaGVpZ2h0PScxMCcvPjwvZz48L3N2Zz4=",
      "width": 64,
    },
    "ref": null,
    "rendered": null,
    "type": "img",
  },
  Symbol(enzyme.__nodes__): Array [
    Object {
      "instance": null,
      "key": undefined,
      "nodeType": "host",
      "props": Object {
        "height": 64,
        "src": "data:image/svg+xml;base64,PHN2ZyB4bWxucz0naHR0cDovL3d3dy53My5vcmcvMjAwMC9zdmcnIHdpZHRoPSc2NCcgaGVpZ2h0PSc2NCcgc3R5bGU9J2JhY2tncm91bmQtY29sb3I6cmdiYSgyNDAsMjQwLDI0MCwxKTsnPjxnIHN0eWxlPSdmaWxsOnJnYmEoNTAsMzgsMjE3LDEpOyBzdHJva2U6cmdiYSg1MCwzOCwyMTcsMSk7IHN0cm9rZS13aWR0aDowLjMyOyc+PHJlY3QgIHg9JzI3JyB5PSczNycgd2lkdGg9JzEwJyBoZWlnaHQ9JzEwJy8+PHJlY3QgIHg9JzE3JyB5PScxNycgd2lkdGg9JzEwJyBoZWlnaHQ9JzEwJy8+PHJlY3QgIHg9JzM3JyB5PScxNycgd2lkdGg9JzEwJyBoZWlnaHQ9JzEwJy8+PHJlY3QgIHg9JzE3JyB5PScyNycgd2lkdGg9JzEwJyBoZWlnaHQ9JzEwJy8+PHJlY3QgIHg9JzM3JyB5PScyNycgd2lkdGg9JzEwJyBoZWlnaHQ9JzEwJy8+PHJlY3QgIHg9JzcnIHk9JzI3JyB3aWR0aD0nMTAnIGhlaWdodD0nMTAnLz48cmVjdCAgeD0nNDcnIHk9JzI3JyB3aWR0aD0nMTAnIGhlaWdodD0nMTAnLz48cmVjdCAgeD0nNycgeT0nNDcnIHdpZHRoPScxMCcgaGVpZ2h0PScxMCcvPjxyZWN0ICB4PSc0NycgeT0nNDcnIHdpZHRoPScxMCcgaGVpZ2h0PScxMCcvPjwvZz48L3N2Zz4=",
        "width": 64,
      },
      "ref": null,
      "rendered": null,
      "type": "img",
    },
  ],
  Symbol(enzyme.__options__): Object {
    "adapter": ReactSixteenAdapter {
      "options": Object {
        "enableComponentDidUpdateOnSetState": true,
      },
    },
  },
}
`;
