// Jest Snapshot v1, https://goo.gl/fbAQLP

exports[`<JobsToolbar /> renders correctly 1`] = `
<div
  className="toolbar"
>
  <FormGroup
    bsClass="form-group"
  >
    <InputGroup
      bsClass="input-group"
    >
      <InputGroupAddon
        bsClass="input-group-addon"
      >
        <Icon
          faStyle="fas"
          fixedWidth={false}
          name="search"
          pullRight={false}
        />
      </InputGroupAddon>
      <FormControl
        bsClass="form-control"
        componentClass="input"
        onChange={[Function]}
        placeholder="User or task"
        value="test"
      />
    </InputGroup>
  </FormGroup>
</div>
`;
