// Jest Snapshot v1, https://goo.gl/fbAQLP

exports[`<Indexes /> should render 1`] = `
<Switch>
  <Route
    component={
      Object {
        "$$typeof": Symbol(react.memo),
        "WrappedComponent": [Function],
        "compare": null,
        "displayName": "Connect(IndexesList)",
        "type": [Function],
      }
    }
    exact={true}
    path="/refs/:refId/indexes"
  />
</Switch>
`;
