// Jest Snapshot v1, https://goo.gl/fbAQLP

exports[`<SidebarItem /> should render 1`] = `
<SidebarItem__StyledSidebarItem
  activeClassName="active"
  isActive={[Function]}
  to="/foo/bar"
>
  <Icon
    faStyle="fas"
    fixedWidth={false}
    name="fa-foo"
  />
  <SidebarItem__SideBarItemTitle>
    Foobar
  </SidebarItem__SideBarItemTitle>
</SidebarItem__StyledSidebarItem>
`;
