// Jest Snapshot v1, https://goo.gl/fbAQLP

exports[`<SampleFileManager /> should render 1`] = `
<Connect(FileManager)
  fileType="reads"
/>
`;

exports[`<Samples /> should render 1`] = `
<div
  className="container"
>
  <Switch>
    <Route
      component={
        Object {
          "$$typeof": Symbol(react.memo),
          "WrappedComponent": [Function],
          "compare": null,
          "displayName": "Connect(SamplesList)",
          "type": [Function],
        }
      }
      exact={true}
      path="/samples"
    />
    <Route
      component={[Function]}
      exact={true}
      path="/samples/files"
    />
    <Route
      component={[Function]}
      path="/samples/settings"
    />
    <Route
      component={
        Object {
          "$$typeof": Symbol(react.memo),
          "WrappedComponent": [Function],
          "compare": null,
          "displayName": "Connect(SampleDetail)",
          "type": [Function],
        }
      }
      path="/samples/:sampleId"
    />
  </Switch>
</div>
`;

exports[`<SamplesSettings /> should render 1`] = `
<div
  className="settings-container"
>
  <h3
    className="view-header"
  >
    <strong>
      Sample Settings
    </strong>
  </h3>
  <Connect(UniqueNames) />
  <Connect(SampleRights) />
</div>
`;
