// Jest Snapshot v1, https://goo.gl/fbAQLP

exports[`<CreateReference /> should render 1`] = `
<Create__Container>
  <form
    onSubmit={[Function]}
  >
    <Alert>
      <strong>
        Create an empty reference.
      </strong>
    </Alert>
    <ReferenceForm
      description=""
      errorName=""
      mode="create"
      name=""
      onChange={[Function]}
      organism=""
    />
    <DataTypeSelection
      dataType="genome"
      onSelect={[Function]}
    />
    <Modal__DialogFooter>
      <ButtonToolbar>
        <Button
          bsStyle="primary"
          icon="save"
          pullRight={false}
          tipPlacement="top"
          type="submit"
        >
          Save
        </Button>
      </ButtonToolbar>
    </Modal__DialogFooter>
  </form>
</Create__Container>
`;
