// Jest Snapshot v1, https://goo.gl/fbAQLP

exports[`<SubtractionList /> renders correctly 1`] = `
<div>
  <ViewHeader
    title="Subtraction"
    totalCount={1}
  />
  <SubtractionToolbar
    canModify={true}
    onFilter={[MockFunction]}
    term="test"
  />
  <ScrollList
    hasNextPage={false}
    isLoadError={false}
    isNextPageLoading={false}
    list={
      Array [
        "one",
        "two",
        "three",
      ]
    }
    loadNextPage={[MockFunction]}
    page={1}
    refetchPage={false}
    rowRenderer={[Function]}
  />
  <Connect(CreateSubtraction) />
</div>
`;
