// Jest Snapshot v1, https://goo.gl/fbAQLP

exports[`<CreateUser /> renders correctly 1`] = `
<Modal
  animation={true}
  autoFocus={true}
  backdrop={true}
  bsClass="modal"
  dialogComponentClass={[Function]}
  enforceFocus={true}
  keyboard={true}
  manager={
    ModalManager {
      "add": [Function],
      "containers": Array [],
      "data": Array [],
      "handleContainerOverflow": true,
      "hideSiblingNodes": true,
      "isTopModal": [Function],
      "modals": Array [],
      "remove": [Function],
    }
  }
  onExited={[Function]}
  onHide={[Function]}
  renderBackdrop={[Function]}
  restoreFocus={true}
  show={true}
>
  <ModalHeader
    bsClass="modal-header"
    closeButton={true}
    closeLabel="Close"
    onHide={[Function]}
  >
    Create User
  </ModalHeader>
  <form
    onSubmit={[Function]}
  >
    <ModalBody
      bsClass="modal-body"
      componentClass="div"
    >
      <Row
        bsClass="row"
        componentClass="div"
      >
        <Col
          bsClass="col"
          componentClass="div"
          xs={12}
        >
          <InputError
            error=""
            label="Username"
            name="userId"
            onChange={[Function]}
            value=""
          />
        </Col>
      </Row>
      <Row
        bsClass="row"
        componentClass="div"
      >
        <Col
          bsClass="col"
          componentClass="div"
          xs={6}
        >
          <InputError
            error=""
            label="Password"
            name="password"
            onChange={[Function]}
            type="password"
            value=""
          />
        </Col>
        <Col
          bsClass="col"
          componentClass="div"
          xs={6}
        >
          <InputError
            error=""
            label="Confirm"
            name="confirm"
            onChange={[Function]}
            type="password"
            value=""
          />
        </Col>
      </Row>
      <Row
        bsClass="row"
        componentClass="div"
      >
        <Col
          bsClass="col"
          componentClass="div"
          xs={12}
        >
          <Checkbox
            checked={false}
            label="Force user to reset password on login"
            onClick={[Function]}
            partial={false}
            pullRight={false}
          />
        </Col>
      </Row>
    </ModalBody>
    <ModalFooter
      bsClass="modal-footer"
      componentClass="div"
    >
      <SaveButton
        pullRight={true}
      />
    </ModalFooter>
  </form>
</Modal>
`;
